# command: node experiments/find-levels.js --seed 436 --restarts 1000 --steps 500 --top 40 --max-minutes 120 --slack off --min-end-positions 2 --max-dead 0.9 --json experiments/results/2026-09-24-seize-the-crown-group4-seed436.json
seed 436: 74631 evaluations in 7200.4s, 7 levels pass the filters

score 78.9  pushes 15  solutions 1  slack 2  tempting 0  dead 83%  end positions 6  events edge,hop,pile,stack  states 1044
#~~##~~#
#..Eac.~
~.b.AC.#
~a.a.#.#
#aaC.a.#
#@CA.bd#
~.#b.b.*#
~#~###~~

score 70.8  pushes 9  solutions 3  slack 1  tempting 2  dead 55%  end positions 15  events edge,hop,pile,shuffle,stack  states 880
~###~~~#
#..#..@~
~..B.#.~
#....dc~
~.....C~
#....a*B#
#......#
#~##~~~~

score 68.0  pushes 11  solutions 2  slack 1  tempting 2  dead 77%  end positions 6  events pile,shuffle,stack  states 577
##~~#~##
~cAa...~
#C.a.a*.#
~...C..#
#.#.d.#~
#..@.b.#
#......#
#~##~~#~

score 65.0  pushes 9  solutions 1  slack 5  tempting 0  dead 56%  end positions 15  events edge,hop,pile,stack  states 18946
#~#~~##~
~.c.a..*#
~.Cbb..#
#@..a###
~..b...#
#..C.Ca#
#..a...#
~##~~~~~

score 64.8  pushes 8  solutions 1  slack 2  tempting 3  dead 88%  end positions 5  events edge,hop,shuffle,stack  states 7311
~~~#~#~~
#......#
#...aa.#
~..a..@#
~#ab*...#
~....Dc~
~..E.b.~
~####~~#

score 56.8  pushes 7  solutions 3  slack 1  tempting 3  dead 55%  end positions 20  events pile,shuffle,stack  states 7146
##~~####
~......~
#.C....#
#b*.a...~
~......#
##.....~
#..#..@~
~~#~####

score 40.8  pushes 7  solutions 3  slack 2  tempting 0  dead 54%  end positions 12  events stack  states 490
#~~##~#~
~......~
#......#
#....A.#
~b....a~
#.*#..aC#
~..a#.@~
#~~#~###

