# command: node experiments/find-levels.js --seed 432 --restarts 1000 --steps 500 --top 40 --max-minutes 120 --slack off --min-end-positions 2 --max-dead 0.9 --json experiments/results/2026-09-24-seize-the-crown-group4-seed432.json
seed 432: 48801 evaluations in 7201.0s, 2 levels pass the filters

score 76.0  pushes 13  solutions 1  slack 1  tempting 3  dead 85%  end positions 2  events edge,hop,pile,shuffle,stack  states 1362
~~~~~#~#
#.....b*#
~a.Ea..#
~.c...a~
#A.....~
#..ba..~
~.c..@.#
#~#~~#~~

score 58.7  pushes 11  solutions 2  slack 2  tempting 0  dead 45%  end positions 22  events shuffle,stack  states 1966
~##~####
#..#a*..~
#..#...#
#...C..~
~...#..#
#...b.@~
#..b...~
~###~##~

