# command: node experiments/find-levels.js --seed 434 --restarts 1000 --steps 500 --top 40 --max-minutes 120 --slack off --min-end-positions 2 --max-dead 0.9 --json experiments/results/2026-09-24-seize-the-crown-group4-seed434.json
seed 434: 81897 evaluations in 7200.3s, 9 levels pass the filters

score 81.0  pushes 18  solutions 1  slack 2  tempting 3  dead 59%  end positions 5  events edge,shuffle,stack  states 3232
#~####~~
~..#.#.#
~..C...~
~..a@..~
#a...Bc#
#a.#a..#
~...a*.a~
~#~~~###

score 74.0  pushes 14  solutions 1  slack 1  tempting 2  dead 68%  end positions 3  events pile,shuffle,stack  states 151
##~#####
~.b.#.a*#
~..#.#@~
#...B..#
~a..bA.#
~.#bb..~
~..a...#
###~#~##

score 73.5  pushes 17  solutions 1  slack 2  tempting 1  dead 89%  end positions 4  events pile,shuffle,stack  states 735
##~~##~#
~..aaC.#
~bD.c..~
~bAc.a*.#
#b...a.~
~..#...~
#..@c..#
~##~~###

score 71.8  pushes 11  solutions 3  slack 1  tempting 2  dead 73%  end positions 4  events edge,pile,shuffle,stack  states 18899
##~#~~~~
#...a..~
#...d..#
~....a.~
#@..#.B~
~...D..#
~.Aa..c*#
~#~~#~~~

score 70.0  pushes 12  solutions 1  slack 1  tempting 4  dead 76%  end positions 6  events edge,stack  states 376
~#~~#~~~
~a...B.~
~B.@...#
#a.a.a*.~
~.bC.aa#
#.a.c..#
#......~
#~~~~#~~

score 64.0  pushes 13  solutions 1  slack 1  tempting 1  dead 65%  end positions 6  events pile  states 206
~~~##~~#
#..bb..#
~.aABAd~
##Ba..@~
~...#..~
~c#.a..~
#..*a#..#
~~~###~#

score 61.9  pushes 11  solutions 1  slack 1  tempting 1  dead 83%  end positions 2  events hop,pile,shuffle,stack  states 1278
~~~#~#~~
~..@.b*.~
#bD#...#
#..A..##
#b..a..~
#.cbBc.#
~.....c~
~~~#~#~#

score 58.0  pushes 15  solutions 2  slack 1  tempting 0  dead 73%  end positions 2  events edge,pile  states 176
~~~~~#~#
~.#c...~
~.Aa...#
~..a.C#~
##.Dc@.#
~.a*a...~
~......~
~~~~~~~~

score 48.8  pushes 9  solutions 3  slack 1  tempting 1  dead 75%  end positions 4  events hop  states 84
~#~~~###
~.a.*a..#
#..a.@.~
#...C..#
#..#b..#
#.a....~
~b.....#
~~~~~#~~

