# command: node experiments/find-levels.js --seed 423 --restarts 1000 --steps 500 --top 40 --max-minutes 60 --slack off --min-end-positions 2 --max-dead 0.9 --json experiments/results/2026-09-24-seize-the-crown-group3-seed423.json
seed 423: 52686 evaluations in 3600.5s, 3 levels pass the filters

score 74.0  pushes 12  solutions 2  slack 3  tempting 1  dead 62%  end positions 20  events edge,hop,pile,stack  states 4942
~#~~~##~
#..#..*.#
~...d.a~
#.#@baa#
#..D.E.~
#..cA#.#
~...b..~
~~~#~###

score 66.0  pushes 9  solutions 1  slack 1  tempting 3  dead 66%  end positions 11  events edge,shuffle,stack  states 2664
#~~#~#~~
#aa.C.a~
#.*#...A~
~#@.#aa~
#..a...#
~.a..D.#
#.b....~
#~#~##~~

score 48.7  pushes 7  solutions 2  slack 1  tempting 1  dead 44%  end positions 12  events edge,stack  states 140
####~###
~....a.~
#..*a...~
~dc.b..~
~aB..a#~
~.C..@.~
~.bb...#
######~~

